Archive member included to satisfy reference by file (symbol)

/opt/arm-gnu-toolchain-13.2.Rel1-x86_64-arm-none-eabi/bin/../lib/gcc/arm-none-eabi/13.2.1/../../../../arm-none-eabi/lib/thumb/v7e-m+fp/hard/libc.a(libc_a-memset.o)
                              startup/startup.o (memset)
/opt/arm-gnu-toolchain-13.2.Rel1-x86_64-arm-none-eabi/bin/../lib/gcc/arm-none-eabi/13.2.1/../../../../arm-none-eabi/lib/thumb/v7e-m+fp/hard/libc.a(libc_a-memcpy.o)
                              startup/startup.o (memcpy)

Discarded input sections

 .group         0x00000000        0xc src/main.o
 .group         0x00000000        0xc src/main.o
 .group         0x00000000        0xc src/main.o
 .group         0x00000000        0xc src/main.o
 .group         0x00000000        0xc src/main.o
 .group         0x00000000        0xc src/main.o
 .group         0x00000000        0xc src/main.o
 .text          0x00000000        0x0 src/main.o
 .data          0x00000000        0x0 src/main.o
 .bss           0x00000000        0x0 src/main.o
 .group         0x00000000        0xc startup/startup.o
 .group         0x00000000        0xc startup/startup.o
 .group         0x00000000        0xc startup/startup.o
 .group         0x00000000        0xc startup/startup.o
 .group         0x00000000        0xc startup/startup.o
 .group         0x00000000        0xc startup/startup.o
 .group         0x00000000        0xc startup/startup.o
 .text          0x00000000        0x0 startup/startup.o
 .data          0x00000000        0x0 startup/startup.o
 .bss           0x00000000        0x0 startup/startup.o
 .debug_macro   0x00000000      0xacc startup/startup.o
 .debug_macro   0x00000000       0x22 startup/startup.o
 .debug_macro   0x00000000       0x56 startup/startup.o
 .debug_macro   0x00000000       0x51 startup/startup.o
 .debug_macro   0x00000000      0x103 startup/startup.o
 .debug_macro   0x00000000       0x6a startup/startup.o
 .debug_macro   0x00000000      0x1df startup/startup.o
 .text          0x00000000        0x0 /opt/arm-gnu-toolchain-13.2.Rel1-x86_64-arm-none-eabi/bin/../lib/gcc/arm-none-eabi/13.2.1/../../../../arm-none-eabi/lib/thumb/v7e-m+fp/hard/libc.a(libc_a-memset.o)
 .data          0x00000000        0x0 /opt/arm-gnu-toolchain-13.2.Rel1-x86_64-arm-none-eabi/bin/../lib/gcc/arm-none-eabi/13.2.1/../../../../arm-none-eabi/lib/thumb/v7e-m+fp/hard/libc.a(libc_a-memset.o)
 .bss           0x00000000        0x0 /opt/arm-gnu-toolchain-13.2.Rel1-x86_64-arm-none-eabi/bin/../lib/gcc/arm-none-eabi/13.2.1/../../../../arm-none-eabi/lib/thumb/v7e-m+fp/hard/libc.a(libc_a-memset.o)
 .data          0x00000000        0x0 /opt/arm-gnu-toolchain-13.2.Rel1-x86_64-arm-none-eabi/bin/../lib/gcc/arm-none-eabi/13.2.1/../../../../arm-none-eabi/lib/thumb/v7e-m+fp/hard/libc.a(libc_a-memcpy.o)
 .bss           0x00000000        0x0 /opt/arm-gnu-toolchain-13.2.Rel1-x86_64-arm-none-eabi/bin/../lib/gcc/arm-none-eabi/13.2.1/../../../../arm-none-eabi/lib/thumb/v7e-m+fp/hard/libc.a(libc_a-memcpy.o)
 .ARM.extab     0x00000000        0x0 /opt/arm-gnu-toolchain-13.2.Rel1-x86_64-arm-none-eabi/bin/../lib/gcc/arm-none-eabi/13.2.1/../../../../arm-none-eabi/lib/thumb/v7e-m+fp/hard/libc.a(libc_a-memcpy.o)
 .eh_frame      0x00000000       0x2c /opt/arm-gnu-toolchain-13.2.Rel1-x86_64-arm-none-eabi/bin/../lib/gcc/arm-none-eabi/13.2.1/../../../../arm-none-eabi/lib/thumb/v7e-m+fp/hard/libc.a(libc_a-memcpy.o)

Memory Configuration

Name             Origin             Length             Attributes
rom              0x08000000         0x00080000         xr
ram              0x20000000         0x00018000         xrw
*default*        0x00000000         0xffffffff

Linker script and memory map

LOAD src/main.o
LOAD startup/startup.o
START GROUP
LOAD /opt/arm-gnu-toolchain-13.2.Rel1-x86_64-arm-none-eabi/bin/../lib/gcc/arm-none-eabi/13.2.1/../../../../arm-none-eabi/lib/thumb/v7e-m+fp/hard/libc.a
LOAD /opt/arm-gnu-toolchain-13.2.Rel1-x86_64-arm-none-eabi/bin/../lib/gcc/arm-none-eabi/13.2.1/thumb/v7e-m+fp/hard/libgcc.a
LOAD /opt/arm-gnu-toolchain-13.2.Rel1-x86_64-arm-none-eabi/bin/../lib/gcc/arm-none-eabi/13.2.1/../../../../arm-none-eabi/lib/thumb/v7e-m+fp/hard/libnosys.a
END GROUP
START GROUP
LOAD /opt/arm-gnu-toolchain-13.2.Rel1-x86_64-arm-none-eabi/bin/../lib/gcc/arm-none-eabi/13.2.1/thumb/v7e-m+fp/hard/libgcc.a
LOAD /opt/arm-gnu-toolchain-13.2.Rel1-x86_64-arm-none-eabi/bin/../lib/gcc/arm-none-eabi/13.2.1/../../../../arm-none-eabi/lib/thumb/v7e-m+fp/hard/libg.a
LOAD /opt/arm-gnu-toolchain-13.2.Rel1-x86_64-arm-none-eabi/bin/../lib/gcc/arm-none-eabi/13.2.1/../../../../arm-none-eabi/lib/thumb/v7e-m+fp/hard/libc.a
END GROUP

.text           0x08000000      0x284
 *(.bootloader_section)
 *(.vectors)
 .vectors       0x08000000        0x8 startup/startup.o
                0x08000000                vector_table
                0x08000010                        . = ALIGN (0x10)
 *fill*         0x08000008        0x8 
 *(.firmware_info)
 *(.firmware_signature)
 *(.text*)
 .text.startup.main
                0x08000010       0x4c src/main.o
                0x08000010                main
 .text.reset_handler
                0x0800005c       0x50 startup/startup.o
                0x0800005c                reset_handler
 .text.memset   0x080000ac       0xa4 /opt/arm-gnu-toolchain-13.2.Rel1-x86_64-arm-none-eabi/bin/../lib/gcc/arm-none-eabi/13.2.1/../../../../arm-none-eabi/lib/thumb/v7e-m+fp/hard/libc.a(libc_a-memset.o)
                0x080000ac                memset
 .text          0x08000150      0x134 /opt/arm-gnu-toolchain-13.2.Rel1-x86_64-arm-none-eabi/bin/../lib/gcc/arm-none-eabi/13.2.1/../../../../arm-none-eabi/lib/thumb/v7e-m+fp/hard/libc.a(libc_a-memcpy.o)
                0x08000150                memcpy
                0x08000284                        . = ALIGN (0x4)
 *(.rodata*)
                0x08000284                        . = ALIGN (0x4)

.glue_7         0x08000284        0x0
 .glue_7        0x08000284        0x0 linker stubs

.glue_7t        0x08000284        0x0
 .glue_7t       0x08000284        0x0 linker stubs

.vfp11_veneer   0x08000284        0x0
 .vfp11_veneer  0x08000284        0x0 linker stubs

.v4_bx          0x08000284        0x0
 .v4_bx         0x08000284        0x0 linker stubs

.iplt           0x08000284        0x0
 .iplt          0x08000284        0x0 startup/startup.o

.preinit_array  0x08000284        0x0
                0x08000284                        . = ALIGN (0x4)
                0x08000284                        __preinit_array_start = .
 *(.preinit_array)
                0x08000284                        __preinit_array_end = .

.init_array     0x08000284        0x0
                0x08000284                        . = ALIGN (0x4)
                0x08000284                        __init_array_start = .
 *(SORT_BY_NAME(.init_array.*))
 *(.init_array)
                0x08000284                        __init_array_end = .

.fini_array     0x08000284        0x0
                0x08000284                        . = ALIGN (0x4)
                0x08000284                        __fini_array_start = .
 *(.fini_array)
 *(SORT_BY_NAME(.fini_array.*))
                0x08000284                        __fini_array_end = .

.ARM.extab
 *(.ARM.extab*)

.ARM.exidx      0x08000284        0x8
                0x08000284                        __exidx_start = .
 *(.ARM.exidx*)
 .ARM.exidx     0x08000284        0x8 /opt/arm-gnu-toolchain-13.2.Rel1-x86_64-arm-none-eabi/bin/../lib/gcc/arm-none-eabi/13.2.1/../../../../arm-none-eabi/lib/thumb/v7e-m+fp/hard/libc.a(libc_a-memcpy.o)
                0x0800028c                        __exidx_end = .

.rel.dyn        0x0800028c        0x0
 .rel.iplt      0x0800028c        0x0 startup/startup.o
                0x0800028c                        . = ALIGN (0x4)
                0x0800028c                        _etext = .

.noinit
 *(.noinit*)
                0x0800028c                        . = ALIGN (0x4)

.data           0x20000000        0x0 load address 0x0800028c
                0x20000000                        _data = .
 *(.data*)
 *(.ramtext*)
                0x20000000                        . = ALIGN (0x4)
                0x20000000                        _edata = .
                0x0800028c                        _data_loadaddr = LOADADDR (.data)

.igot.plt       0x20000000        0x0 load address 0x0800028c
 .igot.plt      0x20000000        0x0 startup/startup.o

.bss            0x20000000        0x0 load address 0x0800028c
                0x20000000                        _bss = .
 *(.bss*)
 *(COMMON)
                0x20000000                        . = ALIGN (0x4)
                0x20000000                        _ebss = .

/DISCARD/
 *(.eh_frame)
                0x20000000                        . = ALIGN (0x4)
                0x20000000                        end = .
                [!provide]                        PROVIDE (_stack = (ORIGIN (ram) + LENGTH (ram)))
OUTPUT(firmware.elf elf32-littlearm)
LOAD linker stubs

.debug_info     0x00000000      0x224
 .debug_info    0x00000000       0xb8 src/main.o
 .debug_info    0x000000b8      0x16c startup/startup.o

.debug_abbrev   0x00000000      0x182
 .debug_abbrev  0x00000000       0x75 src/main.o
 .debug_abbrev  0x00000075      0x10d startup/startup.o

.debug_aranges  0x00000000       0x40
 .debug_aranges
                0x00000000       0x20 src/main.o
 .debug_aranges
                0x00000020       0x20 startup/startup.o

.debug_rnglists
                0x00000000       0x35
 .debug_rnglists
                0x00000000       0x22 src/main.o
 .debug_rnglists
                0x00000022       0x13 startup/startup.o

.debug_macro    0x00000000      0xfcb
 .debug_macro   0x00000000       0x81 src/main.o
 .debug_macro   0x00000081      0xacc src/main.o
 .debug_macro   0x00000b4d       0x22 src/main.o
 .debug_macro   0x00000b6f       0x56 src/main.o
 .debug_macro   0x00000bc5       0x51 src/main.o
 .debug_macro   0x00000c16      0x103 src/main.o
 .debug_macro   0x00000d19       0x6a src/main.o
 .debug_macro   0x00000d83      0x1df src/main.o
 .debug_macro   0x00000f62       0x69 startup/startup.o

.debug_line     0x00000000      0x465
 .debug_line    0x00000000      0x248 src/main.o
 .debug_line    0x00000248      0x21d startup/startup.o

.debug_str      0x00000000     0x3cce
 .debug_str     0x00000000     0x3cce src/main.o
                               0x3d8d (size before relaxing)
 .debug_str     0x00003cce     0x3d65 startup/startup.o

.comment        0x00000000       0x44
 .comment       0x00000000       0x44 src/main.o
                                 0x45 (size before relaxing)
 .comment       0x00000044       0x45 startup/startup.o

.ARM.attributes
                0x00000000       0x32
 .ARM.attributes
                0x00000000       0x34 src/main.o
 .ARM.attributes
                0x00000034       0x34 startup/startup.o
 .ARM.attributes
                0x00000068       0x34 /opt/arm-gnu-toolchain-13.2.Rel1-x86_64-arm-none-eabi/bin/../lib/gcc/arm-none-eabi/13.2.1/../../../../arm-none-eabi/lib/thumb/v7e-m+fp/hard/libc.a(libc_a-memset.o)
 .ARM.attributes
                0x0000009c       0x20 /opt/arm-gnu-toolchain-13.2.Rel1-x86_64-arm-none-eabi/bin/../lib/gcc/arm-none-eabi/13.2.1/../../../../arm-none-eabi/lib/thumb/v7e-m+fp/hard/libc.a(libc_a-memcpy.o)

.debug_frame    0x00000000       0x78
 .debug_frame   0x00000000       0x24 src/main.o
 .debug_frame   0x00000024       0x28 startup/startup.o
 .debug_frame   0x0000004c       0x2c /opt/arm-gnu-toolchain-13.2.Rel1-x86_64-arm-none-eabi/bin/../lib/gcc/arm-none-eabi/13.2.1/../../../../arm-none-eabi/lib/thumb/v7e-m+fp/hard/libc.a(libc_a-memset.o)

.debug_line_str
                0x00000000       0xdc
 .debug_line_str
                0x00000000       0xdc /opt/arm-gnu-toolchain-13.2.Rel1-x86_64-arm-none-eabi/bin/../lib/gcc/arm-none-eabi/13.2.1/../../../../arm-none-eabi/lib/thumb/v7e-m+fp/hard/libc.a(libc_a-memcpy.o)

Cross Reference Table

Symbol                                            File
_bss                                              startup/startup.o
_data                                             startup/startup.o
_data_loadaddr                                    startup/startup.o
_ebss                                             startup/startup.o
_edata                                            startup/startup.o
main                                              src/main.o
                                                  startup/startup.o
memcpy                                            /opt/arm-gnu-toolchain-13.2.Rel1-x86_64-arm-none-eabi/bin/../lib/gcc/arm-none-eabi/13.2.1/../../../../arm-none-eabi/lib/thumb/v7e-m+fp/hard/libc.a(libc_a-memcpy.o)
                                                  startup/startup.o
memset                                            /opt/arm-gnu-toolchain-13.2.Rel1-x86_64-arm-none-eabi/bin/../lib/gcc/arm-none-eabi/13.2.1/../../../../arm-none-eabi/lib/thumb/v7e-m+fp/hard/libc.a(libc_a-memset.o)
                                                  startup/startup.o
reset_handler                                     startup/startup.o
vector_table                                      startup/startup.o
