Archive member included to satisfy reference by file (symbol)

/opt/arm-gnu-toolchain-13.2.Rel1-x86_64-arm-none-eabi/bin/../lib/gcc/arm-none-eabi/13.2.1/../../../../arm-none-eabi/lib/thumb/v7e-m+fp/hard/libc.a(libc_a-memset.o)
                              startup/startup.o (memset)
/opt/arm-gnu-toolchain-13.2.Rel1-x86_64-arm-none-eabi/bin/../lib/gcc/arm-none-eabi/13.2.1/../../../../arm-none-eabi/lib/thumb/v7e-m+fp/hard/libc.a(libc_a-memcpy.o)
                              startup/startup.o (memcpy)

Discarded input sections

 .group         0x00000000        0xc src/main.o
 .group         0x00000000        0xc src/main.o
 .group         0x00000000        0xc src/main.o
 .group         0x00000000        0xc src/main.o
 .group         0x00000000        0xc src/main.o
 .group         0x00000000        0xc src/main.o
 .group         0x00000000        0xc src/main.o
 .text          0x00000000        0x0 src/main.o
 .data          0x00000000        0x0 src/main.o
 .bss           0x00000000        0x0 src/main.o
 .group         0x00000000        0xc src/systick.o
 .group         0x00000000        0xc src/systick.o
 .group         0x00000000        0xc src/systick.o
 .group         0x00000000        0xc src/systick.o
 .group         0x00000000        0xc src/systick.o
 .group         0x00000000        0xc src/systick.o
 .group         0x00000000        0xc src/systick.o
 .text          0x00000000        0x0 src/systick.o
 .data          0x00000000        0x0 src/systick.o
 .bss           0x00000000        0x0 src/systick.o
 .text.uptime_ms
                0x00000000        0xc src/systick.o
 .debug_macro   0x00000000      0xacc src/systick.o
 .debug_macro   0x00000000       0x22 src/systick.o
 .debug_macro   0x00000000       0x56 src/systick.o
 .debug_macro   0x00000000       0x51 src/systick.o
 .debug_macro   0x00000000      0x103 src/systick.o
 .debug_macro   0x00000000       0x6a src/systick.o
 .debug_macro   0x00000000      0x1df src/systick.o
 .group         0x00000000        0xc startup/startup.o
 .group         0x00000000        0xc startup/startup.o
 .group         0x00000000        0xc startup/startup.o
 .group         0x00000000        0xc startup/startup.o
 .group         0x00000000        0xc startup/startup.o
 .group         0x00000000        0xc startup/startup.o
 .group         0x00000000        0xc startup/startup.o
 .text          0x00000000        0x0 startup/startup.o
 .data          0x00000000        0x0 startup/startup.o
 .bss           0x00000000        0x0 startup/startup.o
 .debug_macro   0x00000000      0xacc startup/startup.o
 .debug_macro   0x00000000       0x22 startup/startup.o
 .debug_macro   0x00000000       0x56 startup/startup.o
 .debug_macro   0x00000000       0x51 startup/startup.o
 .debug_macro   0x00000000      0x103 startup/startup.o
 .debug_macro   0x00000000       0x6a startup/startup.o
 .debug_macro   0x00000000      0x1df startup/startup.o
 .text          0x00000000        0x0 /opt/arm-gnu-toolchain-13.2.Rel1-x86_64-arm-none-eabi/bin/../lib/gcc/arm-none-eabi/13.2.1/../../../../arm-none-eabi/lib/thumb/v7e-m+fp/hard/libc.a(libc_a-memset.o)
 .data          0x00000000        0x0 /opt/arm-gnu-toolchain-13.2.Rel1-x86_64-arm-none-eabi/bin/../lib/gcc/arm-none-eabi/13.2.1/../../../../arm-none-eabi/lib/thumb/v7e-m+fp/hard/libc.a(libc_a-memset.o)
 .bss           0x00000000        0x0 /opt/arm-gnu-toolchain-13.2.Rel1-x86_64-arm-none-eabi/bin/../lib/gcc/arm-none-eabi/13.2.1/../../../../arm-none-eabi/lib/thumb/v7e-m+fp/hard/libc.a(libc_a-memset.o)
 .data          0x00000000        0x0 /opt/arm-gnu-toolchain-13.2.Rel1-x86_64-arm-none-eabi/bin/../lib/gcc/arm-none-eabi/13.2.1/../../../../arm-none-eabi/lib/thumb/v7e-m+fp/hard/libc.a(libc_a-memcpy.o)
 .bss           0x00000000        0x0 /opt/arm-gnu-toolchain-13.2.Rel1-x86_64-arm-none-eabi/bin/../lib/gcc/arm-none-eabi/13.2.1/../../../../arm-none-eabi/lib/thumb/v7e-m+fp/hard/libc.a(libc_a-memcpy.o)
 .ARM.extab     0x00000000        0x0 /opt/arm-gnu-toolchain-13.2.Rel1-x86_64-arm-none-eabi/bin/../lib/gcc/arm-none-eabi/13.2.1/../../../../arm-none-eabi/lib/thumb/v7e-m+fp/hard/libc.a(libc_a-memcpy.o)
 .eh_frame      0x00000000       0x2c /opt/arm-gnu-toolchain-13.2.Rel1-x86_64-arm-none-eabi/bin/../lib/gcc/arm-none-eabi/13.2.1/../../../../arm-none-eabi/lib/thumb/v7e-m+fp/hard/libc.a(libc_a-memcpy.o)

Memory Configuration

Name             Origin             Length             Attributes
rom              0x08000000         0x00080000         xr
ram              0x20000000         0x00018000         xrw
*default*        0x00000000         0xffffffff

Linker script and memory map

LOAD src/main.o
LOAD src/systick.o
LOAD startup/startup.o
START GROUP
LOAD /opt/arm-gnu-toolchain-13.2.Rel1-x86_64-arm-none-eabi/bin/../lib/gcc/arm-none-eabi/13.2.1/../../../../arm-none-eabi/lib/thumb/v7e-m+fp/hard/libc.a
LOAD /opt/arm-gnu-toolchain-13.2.Rel1-x86_64-arm-none-eabi/bin/../lib/gcc/arm-none-eabi/13.2.1/thumb/v7e-m+fp/hard/libgcc.a
LOAD /opt/arm-gnu-toolchain-13.2.Rel1-x86_64-arm-none-eabi/bin/../lib/gcc/arm-none-eabi/13.2.1/../../../../arm-none-eabi/lib/thumb/v7e-m+fp/hard/libnosys.a
END GROUP
START GROUP
LOAD /opt/arm-gnu-toolchain-13.2.Rel1-x86_64-arm-none-eabi/bin/../lib/gcc/arm-none-eabi/13.2.1/thumb/v7e-m+fp/hard/libgcc.a
LOAD /opt/arm-gnu-toolchain-13.2.Rel1-x86_64-arm-none-eabi/bin/../lib/gcc/arm-none-eabi/13.2.1/../../../../arm-none-eabi/lib/thumb/v7e-m+fp/hard/libg.a
LOAD /opt/arm-gnu-toolchain-13.2.Rel1-x86_64-arm-none-eabi/bin/../lib/gcc/arm-none-eabi/13.2.1/../../../../arm-none-eabi/lib/thumb/v7e-m+fp/hard/libc.a
END GROUP

.text           0x08000000      0x2ec
 *(.bootloader_section)
 *(.vectors)
 .vectors       0x08000000       0x40 startup/startup.o
                0x08000000                vector_table
                0x08000040                        . = ALIGN (0x10)
 *(.firmware_info)
 *(.firmware_signature)
 *(.text*)
 .text.startup.main
                0x08000040       0x44 src/main.o
                0x08000040                main
 .text.systick_init
                0x08000084       0x14 src/systick.o
                0x08000084                systick_init
 .text.systick_handler
                0x08000098       0x10 src/systick.o
                0x08000098                systick_handler
 .text.delay_ms
                0x080000a8       0x14 src/systick.o
                0x080000a8                delay_ms
 .text.default_handler
                0x080000bc        0x2 startup/startup.o
                0x080000bc                default_handler
 .text.nmi_handler
                0x080000be        0x2 startup/startup.o
                0x080000be                nmi_handler
 .text.hardfault_handler
                0x080000c0        0x2 startup/startup.o
                0x080000c0                hardfault_handler
 *fill*         0x080000c2        0x2 
 .text.reset_handler
                0x080000c4       0x50 startup/startup.o
                0x080000c4                reset_handler
 .text.memset   0x08000114       0xa4 /opt/arm-gnu-toolchain-13.2.Rel1-x86_64-arm-none-eabi/bin/../lib/gcc/arm-none-eabi/13.2.1/../../../../arm-none-eabi/lib/thumb/v7e-m+fp/hard/libc.a(libc_a-memset.o)
                0x08000114                memset
 .text          0x080001b8      0x134 /opt/arm-gnu-toolchain-13.2.Rel1-x86_64-arm-none-eabi/bin/../lib/gcc/arm-none-eabi/13.2.1/../../../../arm-none-eabi/lib/thumb/v7e-m+fp/hard/libc.a(libc_a-memcpy.o)
                0x080001b8                memcpy
                0x080002ec                        . = ALIGN (0x4)
 *(.rodata*)
                0x080002ec                        . = ALIGN (0x4)

.glue_7         0x080002ec        0x0
 .glue_7        0x080002ec        0x0 linker stubs

.glue_7t        0x080002ec        0x0
 .glue_7t       0x080002ec        0x0 linker stubs

.vfp11_veneer   0x080002ec        0x0
 .vfp11_veneer  0x080002ec        0x0 linker stubs

.v4_bx          0x080002ec        0x0
 .v4_bx         0x080002ec        0x0 linker stubs

.iplt           0x080002ec        0x0
 .iplt          0x080002ec        0x0 src/main.o

.preinit_array  0x080002ec        0x0
                0x080002ec                        . = ALIGN (0x4)
                0x080002ec                        __preinit_array_start = .
 *(.preinit_array)
                0x080002ec                        __preinit_array_end = .

.init_array     0x080002ec        0x0
                0x080002ec                        . = ALIGN (0x4)
                0x080002ec                        __init_array_start = .
 *(SORT_BY_NAME(.init_array.*))
 *(.init_array)
                0x080002ec                        __init_array_end = .

.fini_array     0x080002ec        0x0
                0x080002ec                        . = ALIGN (0x4)
                0x080002ec                        __fini_array_start = .
 *(.fini_array)
 *(SORT_BY_NAME(.fini_array.*))
                0x080002ec                        __fini_array_end = .

.ARM.extab
 *(.ARM.extab*)

.ARM.exidx      0x080002ec        0x8
                0x080002ec                        __exidx_start = .
 *(.ARM.exidx*)
 .ARM.exidx     0x080002ec        0x8 /opt/arm-gnu-toolchain-13.2.Rel1-x86_64-arm-none-eabi/bin/../lib/gcc/arm-none-eabi/13.2.1/../../../../arm-none-eabi/lib/thumb/v7e-m+fp/hard/libc.a(libc_a-memcpy.o)
                0x080002f4                        __exidx_end = .

.rel.dyn        0x080002f4        0x0
 .rel.iplt      0x080002f4        0x0 src/main.o
                0x080002f4                        . = ALIGN (0x4)
                0x080002f4                        _etext = .

.noinit
 *(.noinit*)
                0x080002f4                        . = ALIGN (0x4)

.data           0x20000000        0x0 load address 0x080002f4
                0x20000000                        _data = .
 *(.data*)
 *(.ramtext*)
                0x20000000                        . = ALIGN (0x4)
                0x20000000                        _edata = .
                0x080002f4                        _data_loadaddr = LOADADDR (.data)

.igot.plt       0x20000000        0x0 load address 0x080002f4
 .igot.plt      0x20000000        0x0 src/main.o

.bss            0x20000000        0x4 load address 0x080002f4
                0x20000000                        _bss = .
 *(.bss*)
 .bss.system_ticks
                0x20000000        0x4 src/systick.o
 *(COMMON)
                0x20000004                        . = ALIGN (0x4)
                0x20000004                        _ebss = .

/DISCARD/
 *(.eh_frame)
                0x20000004                        . = ALIGN (0x4)
                0x20000004                        end = .
                [!provide]                        PROVIDE (_stack = (ORIGIN (ram) + LENGTH (ram)))
OUTPUT(firmware.elf elf32-littlearm)
LOAD linker stubs

.debug_info     0x00000000      0x3b9
 .debug_info    0x00000000       0xe6 src/main.o
 .debug_info    0x000000e6      0x127 src/systick.o
 .debug_info    0x0000020d      0x1ac startup/startup.o

.debug_abbrev   0x00000000      0x2e2
 .debug_abbrev  0x00000000       0x91 src/main.o
 .debug_abbrev  0x00000091       0xf4 src/systick.o
 .debug_abbrev  0x00000185      0x15d startup/startup.o

.debug_aranges  0x00000000       0x90
 .debug_aranges
                0x00000000       0x20 src/main.o
 .debug_aranges
                0x00000020       0x38 src/systick.o
 .debug_aranges
                0x00000058       0x38 startup/startup.o

.debug_rnglists
                0x00000000       0x5d
 .debug_rnglists
                0x00000000       0x13 src/main.o
 .debug_rnglists
                0x00000013       0x25 src/systick.o
 .debug_rnglists
                0x00000038       0x25 startup/startup.o

.debug_macro    0x00000000     0x106c
 .debug_macro   0x00000000       0x8b src/main.o
 .debug_macro   0x0000008b      0xacc src/main.o
 .debug_macro   0x00000b57       0x22 src/main.o
 .debug_macro   0x00000b79       0x56 src/main.o
 .debug_macro   0x00000bcf       0x51 src/main.o
 .debug_macro   0x00000c20      0x103 src/main.o
 .debug_macro   0x00000d23       0x6a src/main.o
 .debug_macro   0x00000d8d      0x1df src/main.o
 .debug_macro   0x00000f6c       0x97 src/systick.o
 .debug_macro   0x00001003       0x69 startup/startup.o

.debug_line     0x00000000      0x720
 .debug_line    0x00000000      0x236 src/main.o
 .debug_line    0x00000236      0x291 src/systick.o
 .debug_line    0x000004c7      0x259 startup/startup.o

.debug_str      0x00000000     0x3e8c
 .debug_str     0x00000000     0x3e8c src/main.o
                               0x3dae (size before relaxing)
 .debug_str     0x00003e8c     0x3e3d src/systick.o
 .debug_str     0x00003e8c     0x3da3 startup/startup.o

.comment        0x00000000       0x44
 .comment       0x00000000       0x44 src/main.o
                                 0x45 (size before relaxing)
 .comment       0x00000044       0x45 src/systick.o
 .comment       0x00000044       0x45 startup/startup.o

.ARM.attributes
                0x00000000       0x32
 .ARM.attributes
                0x00000000       0x34 src/main.o
 .ARM.attributes
                0x00000034       0x34 src/systick.o
 .ARM.attributes
                0x00000068       0x34 startup/startup.o
 .ARM.attributes
                0x0000009c       0x34 /opt/arm-gnu-toolchain-13.2.Rel1-x86_64-arm-none-eabi/bin/../lib/gcc/arm-none-eabi/13.2.1/../../../../arm-none-eabi/lib/thumb/v7e-m+fp/hard/libc.a(libc_a-memset.o)
 .ARM.attributes
                0x000000d0       0x20 /opt/arm-gnu-toolchain-13.2.Rel1-x86_64-arm-none-eabi/bin/../lib/gcc/arm-none-eabi/13.2.1/../../../../arm-none-eabi/lib/thumb/v7e-m+fp/hard/libc.a(libc_a-memcpy.o)

.debug_frame    0x00000000       0xfc
 .debug_frame   0x00000000       0x28 src/main.o
 .debug_frame   0x00000028       0x50 src/systick.o
 .debug_frame   0x00000078       0x58 startup/startup.o
 .debug_frame   0x000000d0       0x2c /opt/arm-gnu-toolchain-13.2.Rel1-x86_64-arm-none-eabi/bin/../lib/gcc/arm-none-eabi/13.2.1/../../../../arm-none-eabi/lib/thumb/v7e-m+fp/hard/libc.a(libc_a-memset.o)

.debug_loclists
                0x00000000       0x34
 .debug_loclists
                0x00000000       0x34 src/systick.o

.debug_line_str
                0x00000000       0xdc
 .debug_line_str
                0x00000000       0xdc /opt/arm-gnu-toolchain-13.2.Rel1-x86_64-arm-none-eabi/bin/../lib/gcc/arm-none-eabi/13.2.1/../../../../arm-none-eabi/lib/thumb/v7e-m+fp/hard/libc.a(libc_a-memcpy.o)

Cross Reference Table

Symbol                                            File
_bss                                              startup/startup.o
_data                                             startup/startup.o
_data_loadaddr                                    startup/startup.o
_ebss                                             startup/startup.o
_edata                                            startup/startup.o
default_handler                                   startup/startup.o
delay_ms                                          src/systick.o
                                                  src/main.o
hardfault_handler                                 startup/startup.o
main                                              src/main.o
                                                  startup/startup.o
memcpy                                            /opt/arm-gnu-toolchain-13.2.Rel1-x86_64-arm-none-eabi/bin/../lib/gcc/arm-none-eabi/13.2.1/../../../../arm-none-eabi/lib/thumb/v7e-m+fp/hard/libc.a(libc_a-memcpy.o)
                                                  startup/startup.o
memset                                            /opt/arm-gnu-toolchain-13.2.Rel1-x86_64-arm-none-eabi/bin/../lib/gcc/arm-none-eabi/13.2.1/../../../../arm-none-eabi/lib/thumb/v7e-m+fp/hard/libc.a(libc_a-memset.o)
                                                  startup/startup.o
nmi_handler                                       startup/startup.o
reset_handler                                     startup/startup.o
systick_handler                                   src/systick.o
                                                  startup/startup.o
systick_init                                      src/systick.o
                                                  src/main.o
uptime_ms                                         src/systick.o
vector_table                                      startup/startup.o
